#-----------------------------------------------------------
# Vivado v2017.3 (64-bit)
# SW Build 2018833 on Wed Oct  4 19:58:22 MDT 2017
# IP Build 2016188 on Wed Oct  4 21:52:56 MDT 2017
# Start of session at: Sun Nov  5 16:46:05 2017
# Process ID: 3308
# Current directory: C:/Users/rodrigo/Dropbox/Academico/IPD432 Super Digitales/Proyectos de prueba/hdmi_in_ipcore_vivado2017.3
# Command line: vivado.exe -gui_launcher_event rodinguilauncherevent2876 C:\Users\rodrigo\Dropbox\Academico\IPD432 Super Digitales\Proyectos de prueba\hdmi_in_ipcore_vivado2017.3\hdmi_in_ipcore_vivado2017.3.xpr
# Log file: C:/Users/rodrigo/Dropbox/Academico/IPD432 Super Digitales/Proyectos de prueba/hdmi_in_ipcore_vivado2017.3/vivado.log
# Journal file: C:/Users/rodrigo/Dropbox/Academico/IPD432 Super Digitales/Proyectos de prueba/hdmi_in_ipcore_vivado2017.3\vivado.jou
#-----------------------------------------------------------
start_gui
open_project {C:/Users/rodrigo/Dropbox/Academico/IPD432 Super Digitales/Proyectos de prueba/hdmi_in_ipcore_vivado2017.3/hdmi_in_ipcore_vivado2017.3.xpr}
update_compile_order -fileset sources_1
